--------------------------------------------------------------------------------------
Timing Analyzer Summary
--------------------------------------------------------------------------------------

Type           : Worst-case tsu
Slack          : N/A
Required Time  : None
Actual Time    : 3.069 ns
From           : S
To             : inst2
From Clock     : --
To Clock       : C
Failed Paths   : 0

Type           : Worst-case tco
Slack          : N/A
Required Time  : None
Actual Time    : 6.251 ns
From           : inst1
To             : Q1
From Clock     : C
To Clock       : --
Failed Paths   : 0

Type           : Worst-case th
Slack          : N/A
Required Time  : None
Actual Time    : -2.701 ns
From           : S
To             : inst6~DUPLICATE
From Clock     : --
To Clock       : C
Failed Paths   : 0

Type           : Clock Setup: 'C'
Slack          : N/A
Required Time  : None
Actual Time    : Restricted to 500.00 MHz ( period = 2.000 ns )
From           : inst6~DUPLICATE
To             : inst2
From Clock     : C
To Clock       : C
Failed Paths   : 0

Type           : Total number of failed paths
Slack          : 
Required Time  : 
Actual Time    : 
From           : 
To             : 
From Clock     : 
To Clock       : 
Failed Paths   : 0

--------------------------------------------------------------------------------------

