Simulator report for Lab№1
Thu Jun 17 17:21:56 2010
Quartus II Version 9.1 Build 350 03/24/2010 Service Pack 2 SJ Web Edition


---------------------
; Table of Contents ;
---------------------
  1. Legal Notice
  2. Simulator Summary
  3. Simulator Settings
  4. Simulation Waveforms
  5. Coverage Summary
  6. Complete 1/0-Value Coverage
  7. Missing 1-Value Coverage
  8. Missing 0-Value Coverage
  9. Simulator INI Usage
 10. Simulator Messages



----------------
; Legal Notice ;
----------------
Copyright (C) 1991-2010 Altera Corporation
Your use of Altera Corporation's design tools, logic functions 
and other software and tools, and its AMPP partner logic 
functions, and any output files from any of the foregoing 
(including device programming or simulation files), and any 
associated documentation or information are expressly subject 
to the terms and conditions of the Altera Program License 
Subscription Agreement, Altera MegaCore Function License 
Agreement, or other applicable license agreement, including, 
without limitation, that your use is for the sole purpose of 
programming logic devices manufactured by Altera and sold by 
Altera or its authorized distributors.  Please refer to the 
applicable agreement for further details.



+-------------------+
; Simulator Summary ;
+------+------------+
; Type ; Value      ;
+------+------------+


+-------------------------------------------------------------------------------------------------------------------------------------------------+
; Simulator Settings                                                                                                                              ;
+--------------------------------------------------------------------------------------------+------------------------------------+---------------+
; Option                                                                                     ; Setting                            ; Default Value ;
+--------------------------------------------------------------------------------------------+------------------------------------+---------------+
; Simulation mode                                                                            ; Timing                             ; Timing        ;
; Start time                                                                                 ; 0 ns                               ; 0 ns          ;
; Simulation results format                                                                  ; CVWF                               ;               ;
; Vector input source                                                                        ; ../Лабораторнаяработа№4/Lab№4V.vwf ;               ;
; Add pins automatically to simulation output waveforms                                      ; On                                 ; On            ;
; Check outputs                                                                              ; Off                                ; Off           ;
; Report simulation coverage                                                                 ; On                                 ; On            ;
; Display complete 1/0 value coverage report                                                 ; On                                 ; On            ;
; Display missing 1-value coverage report                                                    ; On                                 ; On            ;
; Display missing 0-value coverage report                                                    ; On                                 ; On            ;
; Detect setup and hold time violations                                                      ; Off                                ; Off           ;
; Detect glitches                                                                            ; Off                                ; Off           ;
; Disable timing delays in Timing Simulation                                                 ; Off                                ; Off           ;
; Generate Signal Activity File                                                              ; Off                                ; Off           ;
; Generate VCD File for PowerPlay Power Analyzer                                             ; Off                                ; Off           ;
; Group bus channels in simulation results                                                   ; Off                                ; Off           ;
; Preserve fewer signal transitions to reduce memory requirements                            ; On                                 ; On            ;
; Trigger vector comparison with the specified mode                                          ; INPUT_EDGE                         ; INPUT_EDGE    ;
; Disable setup and hold time violations detection in input registers of bi-directional pins ; Off                                ; Off           ;
; Overwrite Waveform Inputs With Simulation Outputs                                          ; Off                                ;               ;
; Perform Glitch Filtering in Timing Simulation                                              ; Auto                               ; Auto          ;
; Interconnect Delay Model Type                                                              ; Transport                          ; Transport     ;
; Cell Delay Model Type                                                                      ; Transport                          ; Transport     ;
+--------------------------------------------------------------------------------------------+------------------------------------+---------------+


+----------------------+
; Simulation Waveforms ;
+----------------------+
Waveform report data cannot be output to ASCII.
Please use Quartus II to view the waveform report data.


+------------------+
; Coverage Summary ;
+------+-----------+
; Type ; Value     ;
+------+-----------+


The following table displays output ports that toggle between 1 and 0 during simulation.
+-------------------------------------------------+
; Complete 1/0-Value Coverage                     ;
+-----------+------------------+------------------+
; Node Name ; Output Port Name ; Output Port Type ;
+-----------+------------------+------------------+


The following table displays output ports that do not toggle to 1 during simulation.
+-------------------------------------------------+
; Missing 1-Value Coverage                        ;
+-----------+------------------+------------------+
; Node Name ; Output Port Name ; Output Port Type ;
+-----------+------------------+------------------+


The following table displays output ports that do not toggle to 0 during simulation.
+-------------------------------------------------+
; Missing 0-Value Coverage                        ;
+-----------+------------------+------------------+
; Node Name ; Output Port Name ; Output Port Type ;
+-----------+------------------+------------------+


+---------------------+
; Simulator INI Usage ;
+--------+------------+
; Option ; Usage      ;
+--------+------------+


+--------------------+
; Simulator Messages ;
+--------------------+
Info: *******************************************************************
Info: Running Quartus II Simulator
    Info: Version 9.1 Build 350 03/24/2010 Service Pack 2 SJ Web Edition
    Info: Processing started: Thu Jun 17 17:21:55 2010
Info: Command: quartus_sim --read_settings_files=on --write_settings_files=off Lab№1 -c Lab№1
Info: Can't find specified vector source file "../Лабораторнаработа№4/Lab№4V.vwf"
Error: No valid vector source file specified and default file "H:/OWNER/K/MGUL/ЛАБЫ НА FPGA/ЛабРаботы на Altera Quartus II/1 семестр/Лабораторна работа №1/Lab№1.cvwf" does not exist
Error: Quartus II Simulator was unsuccessful. 1 error, 0 warnings
    Error: Peak virtual memory: 126 megabytes
    Error: Processing ended: Thu Jun 17 17:21:57 2010
    Error: Elapsed time: 00:00:02
    Error: Total CPU time (on all processors): 00:00:01


