TimeQuest Timing Analyzer report for Lab¹3
Fri Jun 04 08:05:03 2010
Quartus II Version 9.1 Build 350 03/24/2010 Service Pack 2 SJ Web Edition


---------------------
; Table of Contents ;
---------------------
  1. Legal Notice
  2. TimeQuest Timing Analyzer Summary
  3. Clocks
  4. Slow 1200mV 85C Model Fmax Summary
  5. Slow 1200mV 85C Model Setup Summary
  6. Slow 1200mV 85C Model Hold Summary
  7. Slow 1200mV 85C Model Recovery Summary
  8. Slow 1200mV 85C Model Removal Summary
  9. Slow 1200mV 85C Model Minimum Pulse Width Summary
 10. Slow 1200mV 85C Model Setup: 'C'
 11. Slow 1200mV 85C Model Hold: 'C'
 12. Slow 1200mV 85C Model Minimum Pulse Width: 'C'
 13. Setup Times
 14. Hold Times
 15. Clock to Output Times
 16. Minimum Clock to Output Times
 17. Propagation Delay
 18. Minimum Propagation Delay
 19. Slow 1200mV 85C Model Metastability Report
 20. Slow 1200mV 0C Model Fmax Summary
 21. Slow 1200mV 0C Model Setup Summary
 22. Slow 1200mV 0C Model Hold Summary
 23. Slow 1200mV 0C Model Recovery Summary
 24. Slow 1200mV 0C Model Removal Summary
 25. Slow 1200mV 0C Model Minimum Pulse Width Summary
 26. Slow 1200mV 0C Model Setup: 'C'
 27. Slow 1200mV 0C Model Hold: 'C'
 28. Slow 1200mV 0C Model Minimum Pulse Width: 'C'
 29. Setup Times
 30. Hold Times
 31. Clock to Output Times
 32. Minimum Clock to Output Times
 33. Propagation Delay
 34. Minimum Propagation Delay
 35. Slow 1200mV 0C Model Metastability Report
 36. Fast 1200mV 0C Model Setup Summary
 37. Fast 1200mV 0C Model Hold Summary
 38. Fast 1200mV 0C Model Recovery Summary
 39. Fast 1200mV 0C Model Removal Summary
 40. Fast 1200mV 0C Model Minimum Pulse Width Summary
 41. Fast 1200mV 0C Model Setup: 'C'
 42. Fast 1200mV 0C Model Hold: 'C'
 43. Fast 1200mV 0C Model Minimum Pulse Width: 'C'
 44. Setup Times
 45. Hold Times
 46. Clock to Output Times
 47. Minimum Clock to Output Times
 48. Propagation Delay
 49. Minimum Propagation Delay
 50. Fast 1200mV 0C Model Metastability Report
 51. Multicorner Timing Analysis Summary
 52. Setup Times
 53. Hold Times
 54. Clock to Output Times
 55. Minimum Clock to Output Times
 56. Progagation Delay
 57. Minimum Progagation Delay
 58. Board Trace Model Assignments
 59. Input Transition Times
 60. Slow Corner Signal Integrity Metrics
 61. Fast Corner Signal Integrity Metrics
 62. Setup Transfers
 63. Hold Transfers
 64. Report TCCS
 65. Report RSKM
 66. Unconstrained Paths
 67. TimeQuest Timing Analyzer Messages



----------------
; Legal Notice ;
----------------
Copyright (C) 1991-2010 Altera Corporation
Your use of Altera Corporation's design tools, logic functions 
and other software and tools, and its AMPP partner logic 
functions, and any output files from any of the foregoing 
(including device programming or simulation files), and any 
associated documentation or information are expressly subject 
to the terms and conditions of the Altera Program License 
Subscription Agreement, Altera MegaCore Function License 
Agreement, or other applicable license agreement, including, 
without limitation, that your use is for the sole purpose of 
programming logic devices manufactured by Altera and sold by 
Altera or its authorized distributors.  Please refer to the 
applicable agreement for further details.



+-------------------------------------------------------------------------------------+
; TimeQuest Timing Analyzer Summary                                                   ;
+--------------------+----------------------------------------------------------------+
; Quartus II Version ; Version 9.1 Build 350 03/24/2010 Service Pack 2 SJ Web Edition ;
; Revision Name      ; Lab¹3                                                          ;
; Device Family      ; Cyclone III                                                    ;
; Device Name        ; EP3C5E144C8                                                    ;
; Timing Models      ; Final                                                          ;
; Delay Model        ; Combined                                                       ;
; Rise/Fall Delays   ; Enabled                                                        ;
+--------------------+----------------------------------------------------------------+


+---------------------------------------------------------------------------------------------------------------------------------------------------------------------------------+
; Clocks                                                                                                                                                                          ;
+------------+------+--------+------------+-------+-------+------------+-----------+-------------+-------+--------+-----------+------------+----------+--------+--------+---------+
; Clock Name ; Type ; Period ; Frequency  ; Rise  ; Fall  ; Duty Cycle ; Divide by ; Multiply by ; Phase ; Offset ; Edge List ; Edge Shift ; Inverted ; Master ; Source ; Targets ;
+------------+------+--------+------------+-------+-------+------------+-----------+-------------+-------+--------+-----------+------------+----------+--------+--------+---------+
; C          ; Base ; 1.000  ; 1000.0 MHz ; 0.000 ; 0.500 ;            ;           ;             ;       ;        ;           ;            ;          ;        ;        ; { C }   ;
+------------+------+--------+------------+-------+-------+------------+-----------+-------------+-------+--------+-----------+------------+----------+--------+--------+---------+


+-------------------------------------------------+
; Slow 1200mV 85C Model Fmax Summary              ;
+-----------+-----------------+------------+------+
; Fmax      ; Restricted Fmax ; Clock Name ; Note ;
+-----------+-----------------+------------+------+
; 200.4 MHz ; 200.4 MHz       ; C          ;      ;
+-----------+-----------------+------------+------+
This panel reports FMAX for every clock in the design, regardless of the user-specified clock periods.  FMAX is only computed for paths where the source and destination registers or ports are driven by the same clock.  Paths of different clocks, including generated clocks, are ignored.  For paths between a clock and its inversion, FMAX is computed as if the rising and falling edges are scaled along with FMAX, such that the duty cycle (in terms of a percentage) is maintained. Altera recommends that you always use clock constraints and other slack reports for sign-off analysis.


+-------------------------------------+
; Slow 1200mV 85C Model Setup Summary ;
+-------+--------+--------------------+
; Clock ; Slack  ; End Point TNS      ;
+-------+--------+--------------------+
; C     ; -2.258 ; -2.258             ;
+-------+--------+--------------------+


+------------------------------------+
; Slow 1200mV 85C Model Hold Summary ;
+-------+-------+--------------------+
; Clock ; Slack ; End Point TNS      ;
+-------+-------+--------------------+
; C     ; 0.376 ; 0.000              ;
+-------+-------+--------------------+


------------------------------------------
; Slow 1200mV 85C Model Recovery Summary ;
------------------------------------------
No paths to report.


-----------------------------------------
; Slow 1200mV 85C Model Removal Summary ;
-----------------------------------------
No paths to report.


+---------------------------------------------------+
; Slow 1200mV 85C Model Minimum Pulse Width Summary ;
+-------+--------+----------------------------------+
; Clock ; Slack  ; End Point TNS                    ;
+-------+--------+----------------------------------+
; C     ; -3.000 ; -3.000                           ;
+-------+--------+----------------------------------+


+----------------------------------------------------------------------------------------------------+
; Slow 1200mV 85C Model Setup: 'C'                                                                   ;
+--------+-----------+---------+--------------+-------------+--------------+------------+------------+
; Slack  ; From Node ; To Node ; Launch Clock ; Latch Clock ; Relationship ; Clock Skew ; Data Delay ;
+--------+-----------+---------+--------------+-------------+--------------+------------+------------+
; -2.258 ; inst7~1   ; inst7~1 ; C            ; C           ; 1.000        ; -0.029     ; 2.107      ;
; -1.995 ; C         ; inst7~1 ; C            ; C           ; 0.500        ; 1.576      ; 2.949      ;
; -1.395 ; C         ; inst7~1 ; C            ; C           ; 1.000        ; 1.576      ; 2.849      ;
+--------+-----------+---------+--------------+-------------+--------------+------------+------------+


+---------------------------------------------------------------------------------------------------+
; Slow 1200mV 85C Model Hold: 'C'                                                                   ;
+-------+-----------+---------+--------------+-------------+--------------+------------+------------+
; Slack ; From Node ; To Node ; Launch Clock ; Latch Clock ; Relationship ; Clock Skew ; Data Delay ;
+-------+-----------+---------+--------------+-------------+--------------+------------+------------+
; 0.376 ; C         ; inst7~1 ; C            ; C           ; 0.000        ; 1.605      ; 1.981      ;
; 0.989 ; C         ; inst7~1 ; C            ; C           ; -0.500       ; 1.605      ; 2.094      ;
; 1.166 ; inst7~1   ; inst7~1 ; C            ; C           ; 0.000        ; 0.029      ; 1.195      ;
+-------+-----------+---------+--------------+-------------+--------------+------------+------------+


+------------------------------------------------------------------------------------------------+
; Slow 1200mV 85C Model Minimum Pulse Width: 'C'                                                 ;
+--------+--------------+----------------+------------------+-------+------------+---------------+
; Slack  ; Actual Width ; Required Width ; Type             ; Clock ; Clock Edge ; Target        ;
+--------+--------------+----------------+------------------+-------+------------+---------------+
; -3.000 ; 1.000        ; 4.000          ; Port Rate        ; C     ; Rise       ; C             ;
; 0.396  ; 0.396        ; 0.000          ; Low Pulse Width  ; C     ; Rise       ; inst7~1|datac ;
; 0.407  ; 0.407        ; 0.000          ; Low Pulse Width  ; C     ; Rise       ; inst7~1       ;
; 0.449  ; 0.449        ; 0.000          ; Low Pulse Width  ; C     ; Rise       ; C~input|o     ;
; 0.500  ; 0.500        ; 0.000          ; High Pulse Width ; C     ; Rise       ; C~input|i     ;
; 0.500  ; 0.500        ; 0.000          ; Low Pulse Width  ; C     ; Rise       ; C~input|i     ;
; 0.551  ; 0.551        ; 0.000          ; High Pulse Width ; C     ; Rise       ; C~input|o     ;
; 0.591  ; 0.591        ; 0.000          ; High Pulse Width ; C     ; Rise       ; inst7~1       ;
; 0.602  ; 0.602        ; 0.000          ; High Pulse Width ; C     ; Rise       ; inst7~1|datac ;
+--------+--------------+----------------+------------------+-------+------------+---------------+


+-----------------------------------------------------------------------+
; Setup Times                                                           ;
+-----------+------------+-------+-------+------------+-----------------+
; Data Port ; Clock Port ; Rise  ; Fall  ; Clock Edge ; Clock Reference ;
+-----------+------------+-------+-------+------------+-----------------+
; C         ; C          ; 2.395 ; 2.495 ; Rise       ; C               ;
; E1        ; C          ; 5.585 ; 5.829 ; Rise       ; C               ;
; E2        ; C          ; 4.714 ; 4.957 ; Rise       ; C               ;
; S         ; C          ; 3.026 ; 3.139 ; Rise       ; C               ;
+-----------+------------+-------+-------+------------+-----------------+


+-------------------------------------------------------------------------+
; Hold Times                                                              ;
+-----------+------------+--------+--------+------------+-----------------+
; Data Port ; Clock Port ; Rise   ; Fall   ; Clock Edge ; Clock Reference ;
+-----------+------------+--------+--------+------------+-----------------+
; C         ; C          ; -0.376 ; -0.489 ; Rise       ; C               ;
; E1        ; C          ; -4.142 ; -4.349 ; Rise       ; C               ;
; E2        ; C          ; -3.386 ; -3.618 ; Rise       ; C               ;
; S         ; C          ; -0.988 ; -1.049 ; Rise       ; C               ;
+-----------+------------+--------+--------+------------+-----------------+


+-----------------------------------------------------------------------+
; Clock to Output Times                                                 ;
+-----------+------------+-------+-------+------------+-----------------+
; Data Port ; Clock Port ; Rise  ; Fall  ; Clock Edge ; Clock Reference ;
+-----------+------------+-------+-------+------------+-----------------+
; Q         ; C          ; 7.543 ; 7.308 ; Rise       ; C               ;
; q1        ; C          ; 8.448 ; 8.331 ; Rise       ; C               ;
; Q         ; C          ; 6.680 ; 6.599 ; Fall       ; C               ;
; q1        ; C          ; 7.655 ; 7.508 ; Fall       ; C               ;
+-----------+------------+-------+-------+------------+-----------------+


+-----------------------------------------------------------------------+
; Minimum Clock to Output Times                                         ;
+-----------+------------+-------+-------+------------+-----------------+
; Data Port ; Clock Port ; Rise  ; Fall  ; Clock Edge ; Clock Reference ;
+-----------+------------+-------+-------+------------+-----------------+
; Q         ; C          ; 5.154 ; 4.971 ; Rise       ; C               ;
; q1        ; C          ; 6.273 ; 6.387 ; Rise       ; C               ;
; Q         ; C          ; 5.154 ; 4.971 ; Fall       ; C               ;
; q1        ; C          ; 6.273 ; 6.387 ; Fall       ; C               ;
+-----------+------------+-------+-------+------------+-----------------+


+------------------------------------------------------------+
; Propagation Delay                                          ;
+------------+-------------+-------+--------+--------+-------+
; Input Port ; Output Port ; RR    ; RF     ; FR     ; FF    ;
+------------+-------------+-------+--------+--------+-------+
; E1         ; Q           ; 9.870 ;        ;        ; 9.933 ;
; E1         ; q1          ; 9.529 ;        ;        ; 9.787 ;
; E2         ; Q           ;       ; 8.818  ; 9.242  ;       ;
; E2         ; q1          ;       ; 10.648 ; 10.925 ;       ;
; S          ; Q           ; 7.311 ;        ;        ; 7.243 ;
; S          ; q1          ; 8.216 ;        ;        ; 8.266 ;
+------------+-------------+-------+--------+--------+-------+


+------------------------------------------------------------+
; Minimum Propagation Delay                                  ;
+------------+-------------+-------+--------+--------+-------+
; Input Port ; Output Port ; RR    ; RF     ; FR     ; FF    ;
+------------+-------------+-------+--------+--------+-------+
; E1         ; Q           ; 9.521 ;        ;        ; 9.555 ;
; E1         ; q1          ; 9.331 ;        ;        ; 9.579 ;
; E2         ; Q           ;       ; 8.592  ; 8.997  ;       ;
; E2         ; q1          ;       ; 10.303 ; 10.586 ;       ;
; S          ; Q           ; 6.367 ;        ;        ; 6.255 ;
; S          ; q1          ; 6.842 ;        ;        ; 6.949 ;
+------------+-------------+-------+--------+--------+-------+


----------------------------------------------
; Slow 1200mV 85C Model Metastability Report ;
----------------------------------------------
No synchronizer chains to report.


+--------------------------------------------------+
; Slow 1200mV 0C Model Fmax Summary                ;
+------------+-----------------+------------+------+
; Fmax       ; Restricted Fmax ; Clock Name ; Note ;
+------------+-----------------+------------+------+
; 216.17 MHz ; 216.17 MHz      ; C          ;      ;
+------------+-----------------+------------+------+
This panel reports FMAX for every clock in the design, regardless of the user-specified clock periods.  FMAX is only computed for paths where the source and destination registers or ports are driven by the same clock.  Paths of different clocks, including generated clocks, are ignored.  For paths between a clock and its inversion, FMAX is computed as if the rising and falling edges are scaled along with FMAX, such that the duty cycle (in terms of a percentage) is maintained. Altera recommends that you always use clock constraints and other slack reports for sign-off analysis.


+------------------------------------+
; Slow 1200mV 0C Model Setup Summary ;
+-------+--------+-------------------+
; Clock ; Slack  ; End Point TNS     ;
+-------+--------+-------------------+
; C     ; -2.028 ; -2.028            ;
+-------+--------+-------------------+


+-----------------------------------+
; Slow 1200mV 0C Model Hold Summary ;
+-------+-------+-------------------+
; Clock ; Slack ; End Point TNS     ;
+-------+-------+-------------------+
; C     ; 0.338 ; 0.000             ;
+-------+-------+-------------------+


-----------------------------------------
; Slow 1200mV 0C Model Recovery Summary ;
-----------------------------------------
No paths to report.


----------------------------------------
; Slow 1200mV 0C Model Removal Summary ;
----------------------------------------
No paths to report.


+--------------------------------------------------+
; Slow 1200mV 0C Model Minimum Pulse Width Summary ;
+-------+--------+---------------------------------+
; Clock ; Slack  ; End Point TNS                   ;
+-------+--------+---------------------------------+
; C     ; -3.000 ; -3.000                          ;
+-------+--------+---------------------------------+


+----------------------------------------------------------------------------------------------------+
; Slow 1200mV 0C Model Setup: 'C'                                                                    ;
+--------+-----------+---------+--------------+-------------+--------------+------------+------------+
; Slack  ; From Node ; To Node ; Launch Clock ; Latch Clock ; Relationship ; Clock Skew ; Data Delay ;
+--------+-----------+---------+--------------+-------------+--------------+------------+------------+
; -2.028 ; inst7~1   ; inst7~1 ; C            ; C           ; 1.000        ; -0.025     ; 1.970      ;
; -1.813 ; C         ; inst7~1 ; C            ; C           ; 0.500        ; 1.505      ; 2.785      ;
; -1.229 ; C         ; inst7~1 ; C            ; C           ; 1.000        ; 1.505      ; 2.701      ;
+--------+-----------+---------+--------------+-------------+--------------+------------+------------+


+---------------------------------------------------------------------------------------------------+
; Slow 1200mV 0C Model Hold: 'C'                                                                    ;
+-------+-----------+---------+--------------+-------------+--------------+------------+------------+
; Slack ; From Node ; To Node ; Launch Clock ; Latch Clock ; Relationship ; Clock Skew ; Data Delay ;
+-------+-----------+---------+--------------+-------------+--------------+------------+------------+
; 0.338 ; C         ; inst7~1 ; C            ; C           ; 0.000        ; 1.530      ; 1.868      ;
; 1.007 ; C         ; inst7~1 ; C            ; C           ; -0.500       ; 1.530      ; 2.037      ;
; 1.070 ; inst7~1   ; inst7~1 ; C            ; C           ; 0.000        ; 0.025      ; 1.095      ;
+-------+-----------+---------+--------------+-------------+--------------+------------+------------+


+------------------------------------------------------------------------------------------------+
; Slow 1200mV 0C Model Minimum Pulse Width: 'C'                                                  ;
+--------+--------------+----------------+------------------+-------+------------+---------------+
; Slack  ; Actual Width ; Required Width ; Type             ; Clock ; Clock Edge ; Target        ;
+--------+--------------+----------------+------------------+-------+------------+---------------+
; -3.000 ; 1.000        ; 4.000          ; Port Rate        ; C     ; Rise       ; C             ;
; 0.352  ; 0.352        ; 0.000          ; Low Pulse Width  ; C     ; Rise       ; inst7~1|datac ;
; 0.366  ; 0.366        ; 0.000          ; Low Pulse Width  ; C     ; Rise       ; inst7~1       ;
; 0.449  ; 0.449        ; 0.000          ; Low Pulse Width  ; C     ; Rise       ; C~input|o     ;
; 0.500  ; 0.500        ; 0.000          ; High Pulse Width ; C     ; Rise       ; C~input|i     ;
; 0.500  ; 0.500        ; 0.000          ; Low Pulse Width  ; C     ; Rise       ; C~input|i     ;
; 0.551  ; 0.551        ; 0.000          ; High Pulse Width ; C     ; Rise       ; C~input|o     ;
; 0.631  ; 0.631        ; 0.000          ; High Pulse Width ; C     ; Rise       ; inst7~1       ;
; 0.644  ; 0.644        ; 0.000          ; High Pulse Width ; C     ; Rise       ; inst7~1|datac ;
+--------+--------------+----------------+------------------+-------+------------+---------------+


+-----------------------------------------------------------------------+
; Setup Times                                                           ;
+-----------+------------+-------+-------+------------+-----------------+
; Data Port ; Clock Port ; Rise  ; Fall  ; Clock Edge ; Clock Reference ;
+-----------+------------+-------+-------+------------+-----------------+
; C         ; C          ; 2.229 ; 2.313 ; Rise       ; C               ;
; E1        ; C          ; 5.056 ; 5.132 ; Rise       ; C               ;
; E2        ; C          ; 4.216 ; 4.361 ; Rise       ; C               ;
; S         ; C          ; 2.816 ; 2.906 ; Rise       ; C               ;
+-----------+------------+-------+-------+------------+-----------------+


+-------------------------------------------------------------------------+
; Hold Times                                                              ;
+-----------+------------+--------+--------+------------+-----------------+
; Data Port ; Clock Port ; Rise   ; Fall   ; Clock Edge ; Clock Reference ;
+-----------+------------+--------+--------+------------+-----------------+
; C         ; C          ; -0.338 ; -0.507 ; Rise       ; C               ;
; E1        ; C          ; -3.729 ; -3.782 ; Rise       ; C               ;
; E2        ; C          ; -3.002 ; -3.140 ; Rise       ; C               ;
; S         ; C          ; -0.922 ; -0.999 ; Rise       ; C               ;
+-----------+------------+--------+--------+------------+-----------------+


+-----------------------------------------------------------------------+
; Clock to Output Times                                                 ;
+-----------+------------+-------+-------+------------+-----------------+
; Data Port ; Clock Port ; Rise  ; Fall  ; Clock Edge ; Clock Reference ;
+-----------+------------+-------+-------+------------+-----------------+
; Q         ; C          ; 7.319 ; 6.916 ; Rise       ; C               ;
; q1        ; C          ; 8.230 ; 7.993 ; Rise       ; C               ;
; Q         ; C          ; 6.520 ; 6.303 ; Fall       ; C               ;
; q1        ; C          ; 7.545 ; 7.231 ; Fall       ; C               ;
+-----------+------------+-------+-------+------------+-----------------+


+-----------------------------------------------------------------------+
; Minimum Clock to Output Times                                         ;
+-----------+------------+-------+-------+------------+-----------------+
; Data Port ; Clock Port ; Rise  ; Fall  ; Clock Edge ; Clock Reference ;
+-----------+------------+-------+-------+------------+-----------------+
; Q         ; C          ; 5.089 ; 4.806 ; Rise       ; C               ;
; q1        ; C          ; 6.168 ; 6.278 ; Rise       ; C               ;
; Q         ; C          ; 5.089 ; 4.806 ; Fall       ; C               ;
; q1        ; C          ; 6.168 ; 6.278 ; Fall       ; C               ;
+-----------+------------+-------+-------+------------+-----------------+


+------------------------------------------------------------+
; Propagation Delay                                          ;
+------------+-------------+-------+--------+--------+-------+
; Input Port ; Output Port ; RR    ; RF     ; FR     ; FF    ;
+------------+-------------+-------+--------+--------+-------+
; E1         ; Q           ; 9.347 ;        ;        ; 9.122 ;
; E1         ; q1          ; 9.055 ;        ;        ; 9.157 ;
; E2         ; Q           ;       ; 8.206  ; 8.652  ;       ;
; E2         ; q1          ;       ; 10.010 ; 10.295 ;       ;
; S          ; Q           ; 7.107 ;        ;        ; 6.896 ;
; S          ; q1          ; 8.018 ;        ;        ; 7.973 ;
+------------+-------------+-------+--------+--------+-------+


+----------------------------------------------------------+
; Minimum Propagation Delay                                ;
+------------+-------------+-------+-------+-------+-------+
; Input Port ; Output Port ; RR    ; RF    ; FR    ; FF    ;
+------------+-------------+-------+-------+-------+-------+
; E1         ; Q           ; 9.022 ;       ;       ; 8.785 ;
; E1         ; q1          ; 8.876 ;       ;       ; 8.976 ;
; E2         ; Q           ;       ; 8.005 ; 8.433 ;       ;
; E2         ; q1          ;       ; 9.698 ; 9.985 ;       ;
; S          ; Q           ; 6.215 ;       ;       ; 6.002 ;
; S          ; q1          ; 6.692 ;       ;       ; 6.793 ;
+------------+-------------+-------+-------+-------+-------+


---------------------------------------------
; Slow 1200mV 0C Model Metastability Report ;
---------------------------------------------
No synchronizer chains to report.


+------------------------------------+
; Fast 1200mV 0C Model Setup Summary ;
+-------+--------+-------------------+
; Clock ; Slack  ; End Point TNS     ;
+-------+--------+-------------------+
; C     ; -0.895 ; -0.895            ;
+-------+--------+-------------------+


+-----------------------------------+
; Fast 1200mV 0C Model Hold Summary ;
+-------+-------+-------------------+
; Clock ; Slack ; End Point TNS     ;
+-------+-------+-------------------+
; C     ; 0.163 ; 0.000             ;
+-------+-------+-------------------+


-----------------------------------------
; Fast 1200mV 0C Model Recovery Summary ;
-----------------------------------------
No paths to report.


----------------------------------------
; Fast 1200mV 0C Model Removal Summary ;
----------------------------------------
No paths to report.


+--------------------------------------------------+
; Fast 1200mV 0C Model Minimum Pulse Width Summary ;
+-------+--------+---------------------------------+
; Clock ; Slack  ; End Point TNS                   ;
+-------+--------+---------------------------------+
; C     ; -3.000 ; -3.000                          ;
+-------+--------+---------------------------------+


+----------------------------------------------------------------------------------------------------+
; Fast 1200mV 0C Model Setup: 'C'                                                                    ;
+--------+-----------+---------+--------------+-------------+--------------+------------+------------+
; Slack  ; From Node ; To Node ; Launch Clock ; Latch Clock ; Relationship ; Clock Skew ; Data Delay ;
+--------+-----------+---------+--------------+-------------+--------------+------------+------------+
; -0.895 ; C         ; inst7~1 ; C            ; C           ; 0.500        ; 0.683      ; 1.604      ;
; -0.366 ; inst7~1   ; inst7~1 ; C            ; C           ; 1.000        ; -0.013     ; 0.879      ;
; 0.024  ; C         ; inst7~1 ; C            ; C           ; 1.000        ; 0.683      ; 1.185      ;
+--------+-----------+---------+--------------+-------------+--------------+------------+------------+


+---------------------------------------------------------------------------------------------------+
; Fast 1200mV 0C Model Hold: 'C'                                                                    ;
+-------+-----------+---------+--------------+-------------+--------------+------------+------------+
; Slack ; From Node ; To Node ; Launch Clock ; Latch Clock ; Relationship ; Clock Skew ; Data Delay ;
+-------+-----------+---------+--------------+-------------+--------------+------------+------------+
; 0.163 ; C         ; inst7~1 ; C            ; C           ; 0.000        ; 0.696      ; 0.859      ;
; 0.495 ; inst7~1   ; inst7~1 ; C            ; C           ; 0.000        ; 0.013      ; 0.508      ;
; 1.011 ; C         ; inst7~1 ; C            ; C           ; -0.500       ; 0.696      ; 1.207      ;
+-------+-----------+---------+--------------+-------------+--------------+------------+------------+


+------------------------------------------------------------------------------------------------+
; Fast 1200mV 0C Model Minimum Pulse Width: 'C'                                                  ;
+--------+--------------+----------------+------------------+-------+------------+---------------+
; Slack  ; Actual Width ; Required Width ; Type             ; Clock ; Clock Edge ; Target        ;
+--------+--------------+----------------+------------------+-------+------------+---------------+
; -3.000 ; 1.000        ; 4.000          ; Port Rate        ; C     ; Rise       ; C             ;
; 0.123  ; 0.123        ; 0.000          ; Low Pulse Width  ; C     ; Rise       ; C~input|o     ;
; 0.135  ; 0.135        ; 0.000          ; Low Pulse Width  ; C     ; Rise       ; inst7~1|datac ;
; 0.141  ; 0.141        ; 0.000          ; Low Pulse Width  ; C     ; Rise       ; inst7~1       ;
; 0.500  ; 0.500        ; 0.000          ; High Pulse Width ; C     ; Rise       ; C~input|i     ;
; 0.500  ; 0.500        ; 0.000          ; Low Pulse Width  ; C     ; Rise       ; C~input|i     ;
; 0.859  ; 0.859        ; 0.000          ; High Pulse Width ; C     ; Rise       ; inst7~1       ;
; 0.865  ; 0.865        ; 0.000          ; High Pulse Width ; C     ; Rise       ; inst7~1|datac ;
; 0.877  ; 0.877        ; 0.000          ; High Pulse Width ; C     ; Rise       ; C~input|o     ;
+--------+--------------+----------------+------------------+-------+------------+---------------+


+-----------------------------------------------------------------------+
; Setup Times                                                           ;
+-----------+------------+-------+-------+------------+-----------------+
; Data Port ; Clock Port ; Rise  ; Fall  ; Clock Edge ; Clock Reference ;
+-----------+------------+-------+-------+------------+-----------------+
; C         ; C          ; 0.976 ; 1.395 ; Rise       ; C               ;
; E1        ; C          ; 2.506 ; 3.136 ; Rise       ; C               ;
; E2        ; C          ; 2.157 ; 2.724 ; Rise       ; C               ;
; S         ; C          ; 1.232 ; 1.663 ; Rise       ; C               ;
+-----------+------------+-------+-------+------------+-----------------+


+-------------------------------------------------------------------------+
; Hold Times                                                              ;
+-----------+------------+--------+--------+------------+-----------------+
; Data Port ; Clock Port ; Rise   ; Fall   ; Clock Edge ; Clock Reference ;
+-----------+------------+--------+--------+------------+-----------------+
; C         ; C          ; -0.163 ; -0.511 ; Rise       ; C               ;
; E1        ; C          ; -1.886 ; -2.494 ; Rise       ; C               ;
; E2        ; C          ; -1.586 ; -2.145 ; Rise       ; C               ;
; S         ; C          ; -0.388 ; -0.771 ; Rise       ; C               ;
+-----------+------------+--------+--------+------------+-----------------+


+-----------------------------------------------------------------------+
; Clock to Output Times                                                 ;
+-----------+------------+-------+-------+------------+-----------------+
; Data Port ; Clock Port ; Rise  ; Fall  ; Clock Edge ; Clock Reference ;
+-----------+------------+-------+-------+------------+-----------------+
; Q         ; C          ; 3.394 ; 3.545 ; Rise       ; C               ;
; q1        ; C          ; 4.095 ; 4.246 ; Rise       ; C               ;
; Q         ; C          ; 3.081 ; 3.545 ; Fall       ; C               ;
; q1        ; C          ; 4.094 ; 3.902 ; Fall       ; C               ;
+-----------+------------+-------+-------+------------+-----------------+


+-----------------------------------------------------------------------+
; Minimum Clock to Output Times                                         ;
+-----------+------------+-------+-------+------------+-----------------+
; Data Port ; Clock Port ; Rise  ; Fall  ; Clock Edge ; Clock Reference ;
+-----------+------------+-------+-------+------------+-----------------+
; Q         ; C          ; 2.628 ; 2.501 ; Rise       ; C               ;
; q1        ; C          ; 3.245 ; 3.682 ; Rise       ; C               ;
; Q         ; C          ; 2.791 ; 2.501 ; Fall       ; C               ;
; q1        ; C          ; 3.245 ; 3.724 ; Fall       ; C               ;
+-----------+------------+-------+-------+------------+-----------------+


+----------------------------------------------------------+
; Propagation Delay                                        ;
+------------+-------------+-------+-------+-------+-------+
; Input Port ; Output Port ; RR    ; RF    ; FR    ; FF    ;
+------------+-------------+-------+-------+-------+-------+
; E1         ; Q           ; 4.569 ;       ;       ; 5.286 ;
; E1         ; q1          ; 4.803 ;       ;       ; 5.494 ;
; E2         ; Q           ;       ; 4.307 ; 4.787 ;       ;
; E2         ; q1          ;       ; 5.389 ; 5.800 ;       ;
; S          ; Q           ; 3.295 ;       ;       ; 3.813 ;
; S          ; q1          ; 3.996 ;       ;       ; 4.543 ;
+------------+-------------+-------+-------+-------+-------+


+----------------------------------------------------------+
; Minimum Propagation Delay                                ;
+------------+-------------+-------+-------+-------+-------+
; Input Port ; Output Port ; RR    ; RF    ; FR    ; FF    ;
+------------+-------------+-------+-------+-------+-------+
; E1         ; Q           ; 4.416 ;       ;       ; 5.107 ;
; E1         ; q1          ; 4.709 ;       ;       ; 5.392 ;
; E2         ; Q           ;       ; 4.199 ; 4.675 ;       ;
; E2         ; q1          ;       ; 5.225 ; 5.648 ;       ;
; S          ; Q           ; 2.918 ;       ;       ; 3.384 ;
; S          ; q1          ; 3.477 ;       ;       ; 3.958 ;
+------------+-------------+-------+-------+-------+-------+


---------------------------------------------
; Fast 1200mV 0C Model Metastability Report ;
---------------------------------------------
No synchronizer chains to report.


+------------------------------------------------------------------------------+
; Multicorner Timing Analysis Summary                                          ;
+------------------+--------+-------+----------+---------+---------------------+
; Clock            ; Setup  ; Hold  ; Recovery ; Removal ; Minimum Pulse Width ;
+------------------+--------+-------+----------+---------+---------------------+
; Worst-case Slack ; -2.258 ; 0.163 ; N/A      ; N/A     ; -3.000              ;
;  C               ; -2.258 ; 0.163 ; N/A      ; N/A     ; -3.000              ;
; Design-wide TNS  ; -2.258 ; 0.0   ; 0.0      ; 0.0     ; -3.0                ;
;  C               ; -2.258 ; 0.000 ; N/A      ; N/A     ; -3.000              ;
+------------------+--------+-------+----------+---------+---------------------+


+-----------------------------------------------------------------------+
; Setup Times                                                           ;
+-----------+------------+-------+-------+------------+-----------------+
; Data Port ; Clock Port ; Rise  ; Fall  ; Clock Edge ; Clock Reference ;
+-----------+------------+-------+-------+------------+-----------------+
; C         ; C          ; 2.395 ; 2.495 ; Rise       ; C               ;
; E1        ; C          ; 5.585 ; 5.829 ; Rise       ; C               ;
; E2        ; C          ; 4.714 ; 4.957 ; Rise       ; C               ;
; S         ; C          ; 3.026 ; 3.139 ; Rise       ; C               ;
+-----------+------------+-------+-------+------------+-----------------+


+-------------------------------------------------------------------------+
; Hold Times                                                              ;
+-----------+------------+--------+--------+------------+-----------------+
; Data Port ; Clock Port ; Rise   ; Fall   ; Clock Edge ; Clock Reference ;
+-----------+------------+--------+--------+------------+-----------------+
; C         ; C          ; -0.163 ; -0.489 ; Rise       ; C               ;
; E1        ; C          ; -1.886 ; -2.494 ; Rise       ; C               ;
; E2        ; C          ; -1.586 ; -2.145 ; Rise       ; C               ;
; S         ; C          ; -0.388 ; -0.771 ; Rise       ; C               ;
+-----------+------------+--------+--------+------------+-----------------+


+-----------------------------------------------------------------------+
; Clock to Output Times                                                 ;
+-----------+------------+-------+-------+------------+-----------------+
; Data Port ; Clock Port ; Rise  ; Fall  ; Clock Edge ; Clock Reference ;
+-----------+------------+-------+-------+------------+-----------------+
; Q         ; C          ; 7.543 ; 7.308 ; Rise       ; C               ;
; q1        ; C          ; 8.448 ; 8.331 ; Rise       ; C               ;
; Q         ; C          ; 6.680 ; 6.599 ; Fall       ; C               ;
; q1        ; C          ; 7.655 ; 7.508 ; Fall       ; C               ;
+-----------+------------+-------+-------+------------+-----------------+


+-----------------------------------------------------------------------+
; Minimum Clock to Output Times                                         ;
+-----------+------------+-------+-------+------------+-----------------+
; Data Port ; Clock Port ; Rise  ; Fall  ; Clock Edge ; Clock Reference ;
+-----------+------------+-------+-------+------------+-----------------+
; Q         ; C          ; 2.628 ; 2.501 ; Rise       ; C               ;
; q1        ; C          ; 3.245 ; 3.682 ; Rise       ; C               ;
; Q         ; C          ; 2.791 ; 2.501 ; Fall       ; C               ;
; q1        ; C          ; 3.245 ; 3.724 ; Fall       ; C               ;
+-----------+------------+-------+-------+------------+-----------------+


+------------------------------------------------------------+
; Progagation Delay                                          ;
+------------+-------------+-------+--------+--------+-------+
; Input Port ; Output Port ; RR    ; RF     ; FR     ; FF    ;
+------------+-------------+-------+--------+--------+-------+
; E1         ; Q           ; 9.870 ;        ;        ; 9.933 ;
; E1         ; q1          ; 9.529 ;        ;        ; 9.787 ;
; E2         ; Q           ;       ; 8.818  ; 9.242  ;       ;
; E2         ; q1          ;       ; 10.648 ; 10.925 ;       ;
; S          ; Q           ; 7.311 ;        ;        ; 7.243 ;
; S          ; q1          ; 8.216 ;        ;        ; 8.266 ;
+------------+-------------+-------+--------+--------+-------+


+----------------------------------------------------------+
; Minimum Progagation Delay                                ;
+------------+-------------+-------+-------+-------+-------+
; Input Port ; Output Port ; RR    ; RF    ; FR    ; FF    ;
+------------+-------------+-------+-------+-------+-------+
; E1         ; Q           ; 4.416 ;       ;       ; 5.107 ;
; E1         ; q1          ; 4.709 ;       ;       ; 5.392 ;
; E2         ; Q           ;       ; 4.199 ; 4.675 ;       ;
; E2         ; q1          ;       ; 5.225 ; 5.648 ;       ;
; S          ; Q           ; 2.918 ;       ;       ; 3.384 ;
; S          ; q1          ; 3.477 ;       ;       ; 3.958 ;
+------------+-------------+-------+-------+-------+-------+


+------------------------------------------------------------------------------------------------------------------------------------------------------------------------------------------------------------------------------------------------------------------------------------------------------------------------------------------------------------------+
; Board Trace Model Assignments                                                                                                                                                                                                                                                                                                                                    ;
+---------------+--------------+-------------------+-------------------------+-------------------------+---------------+---------------------+----------------+------------------+--------+------------------+------------------------+------------------------+--------------+---------------+-----------------+-------+---------------------+--------------------+
; Pin           ; I/O Standard ; Near Tline Length ; Near Tline L per Length ; Near Tline C per Length ; Near Series R ; Near Differential R ; Near Pull-up R ; Near Pull-down R ; Near C ; Far Tline Length ; Far Tline L per Length ; Far Tline C per Length ; Far Series R ; Far Pull-up R ; Far Pull-down R ; Far C ; Termination Voltage ; Far Differential R ;
+---------------+--------------+-------------------+-------------------------+-------------------------+---------------+---------------------+----------------+------------------+--------+------------------+------------------------+------------------------+--------------+---------------+-----------------+-------+---------------------+--------------------+
; Q             ; 2.5 V        ; 0 in              ; 0 H/in                  ; 0 F/in                  ; short         ; -                   ; open           ; open             ; open   ; 0 in             ; 0 H/in                 ; 0 F/in                 ; short        ; open          ; open            ; open  ; 0 V                 ; -                  ;
; q1            ; 2.5 V        ; 0 in              ; 0 H/in                  ; 0 F/in                  ; short         ; -                   ; open           ; open             ; open   ; 0 in             ; 0 H/in                 ; 0 F/in                 ; short        ; open          ; open            ; open  ; 0 V                 ; -                  ;
; ~ALTERA_DCLK~ ; 2.5 V        ; 0 in              ; 0 H/in                  ; 0 F/in                  ; short         ; -                   ; open           ; open             ; open   ; 0 in             ; 0 H/in                 ; 0 F/in                 ; short        ; open          ; open            ; open  ; 0 V                 ; -                  ;
; ~ALTERA_nCEO~ ; 2.5 V        ; 0 in              ; 0 H/in                  ; 0 F/in                  ; short         ; -                   ; open           ; open             ; open   ; 0 in             ; 0 H/in                 ; 0 F/in                 ; short        ; open          ; open            ; open  ; 0 V                 ; -                  ;
+---------------+--------------+-------------------+-------------------------+-------------------------+---------------+---------------------+----------------+------------------+--------+------------------+------------------------+------------------------+--------------+---------------+-----------------+-------+---------------------+--------------------+


+----------------------------------------------------------------------------+
; Input Transition Times                                                     ;
+-------------------------+--------------+-----------------+-----------------+
; Pin                     ; I/O Standard ; 10-90 Rise Time ; 90-10 Fall Time ;
+-------------------------+--------------+-----------------+-----------------+
; C                       ; 2.5 V        ; 2000 ps         ; 2000 ps         ;
; S                       ; 2.5 V        ; 2000 ps         ; 2000 ps         ;
; E1                      ; 2.5 V        ; 2000 ps         ; 2000 ps         ;
; E2                      ; 2.5 V        ; 2000 ps         ; 2000 ps         ;
; ~ALTERA_ASDO_DATA1~     ; 2.5 V        ; 2000 ps         ; 2000 ps         ;
; ~ALTERA_FLASH_nCE_nCSO~ ; 2.5 V        ; 2000 ps         ; 2000 ps         ;
; ~ALTERA_DATA0~          ; 2.5 V        ; 2000 ps         ; 2000 ps         ;
+-------------------------+--------------+-----------------+-----------------+


+--------------------------------------------------------------------------------------------------------------------------------------------------------------------------------------------------------------------------------------------------------------------------------------------------------------------------------------------------------------------------------------------------------------------------------------------------------------------------------------------------------------------------------------------------------------------------------------------------------------------------------------------------------------------------------------------+
; Slow Corner Signal Integrity Metrics                                                                                                                                                                                                                                                                                                                                                                                                                                                                                                                                                                                                                                                       ;
+---------------+--------------+---------------------+---------------------+------------------------------+------------------------------+---------------------+---------------------+--------------------------------------+--------------------------------------+-----------------------------+-----------------------------+----------------------------+----------------------------+-----------------------------+-----------------------------+--------------------+--------------------+-------------------------------------+-------------------------------------+----------------------------+----------------------------+---------------------------+---------------------------+
; Pin           ; I/O Standard ; Board Delay on Rise ; Board Delay on Fall ; Steady State Voh at FPGA Pin ; Steady State Vol at FPGA Pin ; Voh Max at FPGA Pin ; Vol Min at FPGA Pin ; Ringback Voltage on Rise at FPGA Pin ; Ringback Voltage on Fall at FPGA Pin ; 10-90 Rise Time at FPGA Pin ; 90-10 Fall Time at FPGA Pin ; Monotonic Rise at FPGA Pin ; Monotonic Fall at FPGA Pin ; Steady State Voh at Far-end ; Steady State Vol at Far-end ; Voh Max at Far-end ; Vol Min at Far-end ; Ringback Voltage on Rise at Far-end ; Ringback Voltage on Fall at Far-end ; 10-90 Rise Time at Far-end ; 90-10 Fall Time at Far-end ; Monotonic Rise at Far-end ; Monotonic Fall at Far-end ;
+---------------+--------------+---------------------+---------------------+------------------------------+------------------------------+---------------------+---------------------+--------------------------------------+--------------------------------------+-----------------------------+-----------------------------+----------------------------+----------------------------+-----------------------------+-----------------------------+--------------------+--------------------+-------------------------------------+-------------------------------------+----------------------------+----------------------------+---------------------------+---------------------------+
; Q             ; 2.5 V        ; 0 s                 ; 0 s                 ; 2.32 V                       ; 1.91e-007 V                  ; 2.34 V              ; -0.00803 V          ; 0.14 V                               ; 0.045 V                              ; 6.89e-010 s                 ; 6.56e-010 s                 ; Yes                        ; Yes                        ; 2.32 V                      ; 1.91e-007 V                 ; 2.34 V             ; -0.00803 V         ; 0.14 V                              ; 0.045 V                             ; 6.89e-010 s                ; 6.56e-010 s                ; Yes                       ; Yes                       ;
; q1            ; 2.5 V        ; 0 s                 ; 0 s                 ; 2.32 V                       ; 1.91e-007 V                  ; 2.33 V              ; -0.00219 V          ; 0.108 V                              ; 0.043 V                              ; 3.76e-009 s                 ; 3.48e-009 s                 ; Yes                        ; Yes                        ; 2.32 V                      ; 1.91e-007 V                 ; 2.33 V             ; -0.00219 V         ; 0.108 V                             ; 0.043 V                             ; 3.76e-009 s                ; 3.48e-009 s                ; Yes                       ; Yes                       ;
; ~ALTERA_DCLK~ ; 2.5 V        ; 0 s                 ; 0 s                 ; 2.32 V                       ; 1.53e-007 V                  ; 2.35 V              ; -0.00333 V          ; 0.096 V                              ; 0.006 V                              ; 4.5e-010 s                  ; 3.85e-010 s                 ; Yes                        ; Yes                        ; 2.32 V                      ; 1.53e-007 V                 ; 2.35 V             ; -0.00333 V         ; 0.096 V                             ; 0.006 V                             ; 4.5e-010 s                 ; 3.85e-010 s                ; Yes                       ; Yes                       ;
; ~ALTERA_nCEO~ ; 2.5 V        ; 0 s                 ; 0 s                 ; 2.32 V                       ; 2.51e-007 V                  ; 2.34 V              ; -0.00726 V          ; 0.108 V                              ; 0.026 V                              ; 6.58e-010 s                 ; 8.2e-010 s                  ; Yes                        ; Yes                        ; 2.32 V                      ; 2.51e-007 V                 ; 2.34 V             ; -0.00726 V         ; 0.108 V                             ; 0.026 V                             ; 6.58e-010 s                ; 8.2e-010 s                 ; Yes                       ; Yes                       ;
+---------------+--------------+---------------------+---------------------+------------------------------+------------------------------+---------------------+---------------------+--------------------------------------+--------------------------------------+-----------------------------+-----------------------------+----------------------------+----------------------------+-----------------------------+-----------------------------+--------------------+--------------------+-------------------------------------+-------------------------------------+----------------------------+----------------------------+---------------------------+---------------------------+


+--------------------------------------------------------------------------------------------------------------------------------------------------------------------------------------------------------------------------------------------------------------------------------------------------------------------------------------------------------------------------------------------------------------------------------------------------------------------------------------------------------------------------------------------------------------------------------------------------------------------------------------------------------------------------------------------+
; Fast Corner Signal Integrity Metrics                                                                                                                                                                                                                                                                                                                                                                                                                                                                                                                                                                                                                                                       ;
+---------------+--------------+---------------------+---------------------+------------------------------+------------------------------+---------------------+---------------------+--------------------------------------+--------------------------------------+-----------------------------+-----------------------------+----------------------------+----------------------------+-----------------------------+-----------------------------+--------------------+--------------------+-------------------------------------+-------------------------------------+----------------------------+----------------------------+---------------------------+---------------------------+
; Pin           ; I/O Standard ; Board Delay on Rise ; Board Delay on Fall ; Steady State Voh at FPGA Pin ; Steady State Vol at FPGA Pin ; Voh Max at FPGA Pin ; Vol Min at FPGA Pin ; Ringback Voltage on Rise at FPGA Pin ; Ringback Voltage on Fall at FPGA Pin ; 10-90 Rise Time at FPGA Pin ; 90-10 Fall Time at FPGA Pin ; Monotonic Rise at FPGA Pin ; Monotonic Fall at FPGA Pin ; Steady State Voh at Far-end ; Steady State Vol at Far-end ; Voh Max at Far-end ; Vol Min at Far-end ; Ringback Voltage on Rise at Far-end ; Ringback Voltage on Fall at Far-end ; 10-90 Rise Time at Far-end ; 90-10 Fall Time at Far-end ; Monotonic Rise at Far-end ; Monotonic Fall at Far-end ;
+---------------+--------------+---------------------+---------------------+------------------------------+------------------------------+---------------------+---------------------+--------------------------------------+--------------------------------------+-----------------------------+-----------------------------+----------------------------+----------------------------+-----------------------------+-----------------------------+--------------------+--------------------+-------------------------------------+-------------------------------------+----------------------------+----------------------------+---------------------------+---------------------------+
; Q             ; 2.5 V        ; 0 s                 ; 0 s                 ; 2.62 V                       ; 2.7e-008 V                   ; 2.71 V              ; -0.0352 V           ; 0.147 V                              ; 0.066 V                              ; 4.51e-010 s                 ; 4.15e-010 s                 ; No                         ; Yes                        ; 2.62 V                      ; 2.7e-008 V                  ; 2.71 V             ; -0.0352 V          ; 0.147 V                             ; 0.066 V                             ; 4.51e-010 s                ; 4.15e-010 s                ; No                        ; Yes                       ;
; q1            ; 2.5 V        ; 0 s                 ; 0 s                 ; 2.62 V                       ; 2.7e-008 V                   ; 2.64 V              ; -0.0118 V           ; 0.201 V                              ; 0.173 V                              ; 2.38e-009 s                 ; 2.19e-009 s                 ; No                         ; Yes                        ; 2.62 V                      ; 2.7e-008 V                  ; 2.64 V             ; -0.0118 V          ; 0.201 V                             ; 0.173 V                             ; 2.38e-009 s                ; 2.19e-009 s                ; No                        ; Yes                       ;
; ~ALTERA_DCLK~ ; 2.5 V        ; 0 s                 ; 0 s                 ; 2.62 V                       ; 2.2e-008 V                   ; 2.74 V              ; -0.061 V            ; 0.159 V                              ; 0.078 V                              ; 2.7e-010 s                  ; 2.2e-010 s                  ; No                         ; Yes                        ; 2.62 V                      ; 2.2e-008 V                  ; 2.74 V             ; -0.061 V           ; 0.159 V                             ; 0.078 V                             ; 2.7e-010 s                 ; 2.2e-010 s                 ; No                        ; Yes                       ;
; ~ALTERA_nCEO~ ; 2.5 V        ; 0 s                 ; 0 s                 ; 2.62 V                       ; 3.52e-008 V                  ; 2.7 V               ; -0.012 V            ; 0.274 V                              ; 0.034 V                              ; 3.18e-010 s                 ; 4.96e-010 s                 ; No                         ; Yes                        ; 2.62 V                      ; 3.52e-008 V                 ; 2.7 V              ; -0.012 V           ; 0.274 V                             ; 0.034 V                             ; 3.18e-010 s                ; 4.96e-010 s                ; No                        ; Yes                       ;
+---------------+--------------+---------------------+---------------------+------------------------------+------------------------------+---------------------+---------------------+--------------------------------------+--------------------------------------+-----------------------------+-----------------------------+----------------------------+----------------------------+-----------------------------+-----------------------------+--------------------+--------------------+-------------------------------------+-------------------------------------+----------------------------+----------------------------+---------------------------+---------------------------+


+-------------------------------------------------------------------+
; Setup Transfers                                                   ;
+------------+----------+----------+----------+----------+----------+
; From Clock ; To Clock ; RR Paths ; FR Paths ; RF Paths ; FF Paths ;
+------------+----------+----------+----------+----------+----------+
; C          ; C        ; 4        ; 2        ; 0        ; 0        ;
+------------+----------+----------+----------+----------+----------+
Entries labeled "false path" only account for clock-to-clock false paths and not path-based false paths. As a result, actual path counts may be lower than reported.


+-------------------------------------------------------------------+
; Hold Transfers                                                    ;
+------------+----------+----------+----------+----------+----------+
; From Clock ; To Clock ; RR Paths ; FR Paths ; RF Paths ; FF Paths ;
+------------+----------+----------+----------+----------+----------+
; C          ; C        ; 4        ; 2        ; 0        ; 0        ;
+------------+----------+----------+----------+----------+----------+
Entries labeled "false path" only account for clock-to-clock false paths and not path-based false paths. As a result, actual path counts may be lower than reported.


---------------
; Report TCCS ;
---------------
No dedicated SERDES Transmitter circuitry present in device or used in design


---------------
; Report RSKM ;
---------------
No dedicated SERDES Receiver circuitry present in device or used in design


+------------------------------------------------+
; Unconstrained Paths                            ;
+---------------------------------+-------+------+
; Property                        ; Setup ; Hold ;
+---------------------------------+-------+------+
; Illegal Clocks                  ; 0     ; 0    ;
; Unconstrained Clocks            ; 0     ; 0    ;
; Unconstrained Input Ports       ; 4     ; 4    ;
; Unconstrained Input Port Paths  ; 11    ; 11   ;
; Unconstrained Output Ports      ; 2     ; 2    ;
; Unconstrained Output Port Paths ; 10    ; 10   ;
+---------------------------------+-------+------+


+------------------------------------+
; TimeQuest Timing Analyzer Messages ;
+------------------------------------+
Info: *******************************************************************
Info: Running Quartus II TimeQuest Timing Analyzer
    Info: Version 9.1 Build 350 03/24/2010 Service Pack 2 SJ Web Edition
    Info: Processing started: Fri Jun 04 08:04:47 2010
Info: Command: quartus_sta Lab¹3 -c Lab¹3
Info: qsta_default_script.tcl version: #1
Info: Core supply voltage is 1.2V
Info: Low junction temperature is 0 degrees C
Info: High junction temperature is 85 degrees C
Warning: Timing Analysis is analyzing one or more combinational loops as latches
    Warning: Node "inst7~1|combout" is a latch
Critical Warning: Synopsys Design Constraints File file not found: 'Lab¹3.sdc'. A Synopsys Design Constraints File is required by the TimeQuest Timing Analyzer to get proper timing constraints. Without it, the Compiler will not properly optimize the design.
Info: No user constrained base clocks found in the design. Calling "derive_clocks -period 1.0"
Info: Deriving Clocks
    Info: create_clock -period 1.000 -name C C
Warning: Found combinational loop of 4 nodes
    Warning: Node "inst3~1|combout"
    Warning: Node "inst2|datab"
    Warning: Node "inst2|combout"
    Warning: Node "inst3~1|datab"
Info: No user constrained clock uncertainty found in the design. Calling "derive_clock_uncertainty"
Info: The derive_clock_uncertainty command did not apply clock uncertainty to any clock-to-clock transfers.
Info: Analyzing Slow 1200mV 85C Model
Critical Warning: Timing requirements not met
Info: Worst-case setup slack is -2.258
    Info:     Slack End Point TNS Clock 
    Info: ========= ============= =====================
    Info:    -2.258        -2.258 C 
Info: Worst-case hold slack is 0.376
    Info:     Slack End Point TNS Clock 
    Info: ========= ============= =====================
    Info:     0.376         0.000 C 
Info: No Recovery paths to report
Info: No Removal paths to report
Info: Worst-case minimum pulse width slack is -3.000
    Info:     Slack End Point TNS Clock 
    Info: ========= ============= =====================
    Info:    -3.000        -3.000 C 
Info: Analyzing Slow 1200mV 0C Model
Info: Started post-fitting delay annotation
Info: Delay annotation completed successfully
Info: The derive_clock_uncertainty command did not apply clock uncertainty to any clock-to-clock transfers.
Critical Warning: Timing requirements not met
Info: Worst-case setup slack is -2.028
    Info:     Slack End Point TNS Clock 
    Info: ========= ============= =====================
    Info:    -2.028        -2.028 C 
Info: Worst-case hold slack is 0.338
    Info:     Slack End Point TNS Clock 
    Info: ========= ============= =====================
    Info:     0.338         0.000 C 
Info: No Recovery paths to report
Info: No Removal paths to report
Info: Worst-case minimum pulse width slack is -3.000
    Info:     Slack End Point TNS Clock 
    Info: ========= ============= =====================
    Info:    -3.000        -3.000 C 
Info: Analyzing Fast 1200mV 0C Model
Info: Started post-fitting delay annotation
Info: Delay annotation completed successfully
Info: The derive_clock_uncertainty command did not apply clock uncertainty to any clock-to-clock transfers.
Critical Warning: Timing requirements not met
Info: Worst-case setup slack is -0.895
    Info:     Slack End Point TNS Clock 
    Info: ========= ============= =====================
    Info:    -0.895        -0.895 C 
Info: Worst-case hold slack is 0.163
    Info:     Slack End Point TNS Clock 
    Info: ========= ============= =====================
    Info:     0.163         0.000 C 
Info: No Recovery paths to report
Info: No Removal paths to report
Info: Worst-case minimum pulse width slack is -3.000
    Info:     Slack End Point TNS Clock 
    Info: ========= ============= =====================
    Info:    -3.000        -3.000 C 
Info: Design is not fully constrained for setup requirements
Info: Design is not fully constrained for hold requirements
Info: Quartus II TimeQuest Timing Analyzer was successful. 0 errors, 11 warnings
    Info: Peak virtual memory: 180 megabytes
    Info: Processing ended: Fri Jun 04 08:05:03 2010
    Info: Elapsed time: 00:00:16
    Info: Total CPU time (on all processors): 00:00:08


